
D:\workspace\StreamingTesting>git init
Reinitialized existing Git repository in D:/workspace/StreamingTesting/.git/

D:\workspace\StreamingTesting>git status

D:\workspace\StreamingTesting>git add .

D:\workspace\StreamingTesting>git commit -m "added all files"


D:\workspace\StreamingTesting>git remote add origin "https://github.com/Raouf23/Streaming.git"
fatal: remote origin already exists.

D:\workspace\StreamingTesting>git push -u origin master

raouf.khan@RAOUF-KHAN MINGW64 /d/workspace
$ mkdir test

raouf.khan@RAOUF-KHAN MINGW64 /d/workspace
$ cd test

raouf.khan@RAOUF-KHAN MINGW64 /d/workspace/test
$ git clone https://github.com/Raouf23/testing-repo.git
Cloning into 'testing-repo'...
remote: Counting objects: 7, done.
remote: Total 7 (delta 0), reused 0 (delta 0), pack-reused 7
Unpacking objects: 100% (7/7), done.
Checking connectivity... done.

raouf.khan@RAOUF-KHAN MINGW64 /d/workspace/test
$ git init
Initialized empty Git repository in D:/workspace/test/.git/


raouf.khan@RAOUF-KHAN MINGW64 /d/workspace/test (master)
$ echo "Hello" >> newtestfile.txt

raouf.khan@RAOUF-KHAN MINGW64 /d/workspace/test (master)
$ ls
newtestfile.txt  testing-repo/

raouf.khan@RAOUF-KHAN MINGW64 /d/workspace/test (master)
$ git add newtestfile.txt
warning: LF will be replaced by CRLF in newtestfile.txt.
The file will have its original line endings in your working directory.

raouf.khan@RAOUF-KHAN MINGW64 /d/workspace/test (master)
$ git status
On branch master

Initial commit

Changes to be committed:
  (use "git rm --cached <file>..." to unstage)

        new file:   newtestfile.txt

Untracked files:
  (use "git add <file>..." to include in what will be committed)

        testing-repo/

raouf.khan@RAOUF-KHAN MINGW64 /d/workspace/test (master)
$ git commit -m "create new file"


raouf.khan@RAOUF-KHAN MINGW64 /d/workspace/test (master)
$ git status
On branch master
Untracked files:
  (use "git add <file>..." to include in what will be committed)

        testing-repo/

nothing added to commit but untracked files present (use "git add" to track)

raouf.khan@RAOUF-KHAN MINGW64 /d/workspace/test (master)
$ git branch
* master

raouf.khan@RAOUF-KHAN MINGW64 /d/workspace/test (master)
$ git branch test

raouf.khan@RAOUF-KHAN MINGW64 /d/workspace/test (master)
$ git branch
* master
  test

raouf.khan@RAOUF-KHAN MINGW64 /d/workspace/test (master)
$ git checkout test
Switched to branch 'test'

raouf.khan@RAOUF-KHAN MINGW64 /d/workspace/test (test)
$ git checkout master
Switched to branch 'master'

raouf.khan@RAOUF-KHAN MINGW64 /d/workspace/test (master)
$ cd testing-repo/


raouf.khan@RAOUF-KHAN MINGW64 /d/workspace/test/testing-repo (master)
$ git log


raouf.khan@RAOUF-KHAN MINGW64 /d/workspace/test/testing-repo (master)
$ git status
On branch master
Your branch is up-to-date with 'origin/master'.
Changes not staged for commit:
  (use "git add <file>..." to update what will be committed)
  (use "git checkout -- <file>..." to discard changes in working directory)

        modified:   README.md

no changes added to commit (use "git add" and/or "git commit -a")

raouf.khan@RAOUF-KHAN MINGW64 /d/workspace/test/testing-repo (master)
$ cd ..

raouf.khan@RAOUF-KHAN MINGW64 /d/workspace/test (master)
$ ls
newtestfile.txt  testing-repo/

raouf.khan@RAOUF-KHAN MINGW64 /d/workspace/test (master)
$ vi newtestfile.txt

raouf.khan@RAOUF-KHAN MINGW64 /d/workspace/test (master)
$ git status

raouf.khan@RAOUF-KHAN MINGW64 /d/workspace/test (master)
$ git add  newtestfile.txt
warning: LF will be replaced by CRLF in newtestfile.txt.
The file will have its original line endings in your working directory.


raouf.khan@RAOUF-KHAN MINGW64 /d/workspace/test (master)
$ git status


raouf.khan@RAOUF-KHAN MINGW64 /d/workspace/test (master)
$ git commit -m "create new file111"
[master warning: LF will be replaced by CRLF in newtestfile.txt.
The file will have its original line endings in your working directory.
0f4ef10] create new file111
 Committer: Raouf Khan <raouf.khan@tavant.com>
Your name and email address were configured automatically based
on your username and hostname. Please check that they are accurate.
You can suppress this message by setting them explicitly. Run the
following command and follow the instructions in your editor to edit
your configuration file:

    git config --global --edit

After doing this, you may fix the identity used for this commit with:

    git commit --amend --reset-author

raouf.khan@RAOUF-KHAN MINGW64 /d/workspace/test (master)
$ cd testing-repo/

raouf.khan@RAOUF-KHAN MINGW64 /d/workspace/test/testing-repo (master)
$ ls
README.md

raouf.khan@RAOUF-KHAN MINGW64 /d/workspace/test/testing-repo (master)
$ git status
On branch master
Your branch is up-to-date with 'origin/master'.
Changes not staged for commit:
  (use "git add <file>..." to update what will be committed)
  (use "git checkout -- <file>..." to discard changes in working directory)

        modified:   README.md

no changes added to commit (use "git add" and/or "git commit -a")

raouf.khan@RAOUF-KHAN MINGW64 /d/workspace/test/testing-repo (master)
$ git add README.md

raouf.khan@RAOUF-KHAN MINGW64 /d/workspace/test/testing-repo (master)
$ git status
On branch master
Your branch is up-to-date with 'origin/master'.
Changes to be committed:
  (use "git reset HEAD <file>..." to unstage)

        modified:   README.md


raouf.khan@RAOUF-KHAN MINGW64 /d/workspace/test/testing-repo (master)
$ git commit -m "create new file122"
[master 3501835] create new file122
 Committer: Raouf Khan <raouf.khan@tavant.com>
Your name and email address were configured automatically based
on your username and hostname. Please check that they are accurate.
You can suppress this message by setting them explicitly. Run the
following command and follow the instructions in your editor to edit
your configuration file:

    git config --global --edit

After doing this, you may fix the identity used for this commit with:

    git commit --amend --reset-author

 1 file changed, 1 insertion(+)

raouf.khan@RAOUF-KHAN MINGW64 /d/workspace/test/testing-repo (master)
$ git push
Counting objects: 3, done.
Delta compression using up to 4 threads.
Compressing objects: 100% (2/2), done.
Writing objects: 100% (3/3), 293 bytes | 0 bytes/s, done.
Total 3 (delta 1), reused 0 (delta 0)
remote: Resolving deltas: 100% (1/1), completed with 1 local object.
To https://github.com/Raouf23/testing-repo.git
   734b698..3501835  master -> master

raouf.khan@RAOUF-KHAN MINGW64 /d/workspace/test/testing-repo (master)
$ git branch
* master

raouf.khan@RAOUF-KHAN MINGW64 /d/workspace/test (master)
$ git branch
* master
  test

raouf.khan@RAOUF-KHAN MINGW64 /d/workspace/test (master)
$ cd testing-repo/

raouf.khan@RAOUF-KHAN MINGW64 /d/workspace/test/testing-repo (master)
$ git branch newBranch

raouf.khan@RAOUF-KHAN MINGW64 /d/workspace/test/testing-repo (master)
$ git branch
* master
  newBranch